
              TreeAnnotator v10.5.0, 2002-2025
                    MCMC Output analysis
                             by
   Andrew Rambaut, Marc A. Suchard and Alexei J. Drummond

             Institute of Ecology and Evolution
                  University of Edinburgh
                     a.rambaut@ed.ac.uk

              David Geffen School of Medicine
           University of California, Los Angeles
                     msuchard@ucla.edu

               Department of Computer Science
                   University of Auckland
                  alexei@cs.auckland.ac.nz


Counting trees...
Total number of trees: 5001

Reading trees...
0              25             50             75            100
|--------------|--------------|--------------|--------------|
************************************************************* [0 secs]

Total trees read: 5001
Size of trees: 7 tips
Ignoring first 500 states (1 trees).
Total unique clades: 15
Total clades in more than one tree: 13

Finding highest independent posterior subtree reconstruction (HIPSTR) tree...
[0.008 secs]

HIPSTR tree's log clade credibility: -0.7419
Lowest individual clade credibility: 0.5948
Mean individual clade credibility: 0.8992
Median individual clade credibility: 0.9999
Number of clades with credibility 1.0: 0
Number of clades with credibility > 0.99: 4
Number of clades with credibility > 0.95: 4
Number of clades with credibility > 0.5: 6

Collecting node information...
0              25             50             75            100
|--------------|--------------|--------------|--------------|
************************************************************* [0 secs]

Annotating target tree...

Writing annotated tree...

Written to file: X_dist_04.MCC.tre

Total time: 1 secs

Constructed Highest Independent Posterior Sub-Tree Reconstruction (HIPSTR) tree - citation: In prep.
